﻿
> build
> vite build

[36mvite v8.0.10 [32mbuilding client environment for production...[36m[39m
[2K
node.exe : 
At line:1 char:1
+ & "D:\apk baru/node.exe" "D:\apk baru/node_modules/npm/bin/npm-cli.js ...
+ ~~~~~~~~~~~~~~~~~~~~~~~~~~~~~~~~~~~~~~~~~~~~~~~~~~~~~~~~~~~~~~~~~~~~~
    + CategoryInfo          : NotSpecified: (:String) [], RemoteException
    + FullyQualifiedErrorId : NativeCommandError
 
[1m[33mwarn[39m[22m - No utility classes were detected in your source files. If this is unexpected, double-check th
e `content` option in your Tailwind CSS configuration.
[1m[33mwarn[39m[22m - https://tailwindcss.com/docs/content-configuration
transforming...Γ£ô 90 modules transformed.
rendering chunks...
computing gzip size...
dist/index.html                   0.43 kB Γöé gzip:   0.30 kB
dist/assets/index-B0uFlo07.css    3.61 kB Γöé gzip:   1.35 kB
dist/assets/index-gGG7HhQn.js   386.56 kB Γöé gzip: 119.02 kB

[31mΓ£ù[39m Build failed in 515ms
[31merror during build:
[31mBuild failed with 1 error:

Error: [vite]: Rolldown failed to resolve import "@/components/layout/Navbar" from "D:/projectsaya/formulir-p3k/src/pag
es/Pengajuan/FormPengajuan.jsx".
This is most likely unintended because it can break your application at runtime.
If you do want to externalize this module explicitly add it to
`build.rollupOptions.external`
    at viteLog (file:///D:/projectsaya/formulir-p3k/node_modules/vite/dist/node/chunks/node.js:33111:57)
    at file:///D:/projectsaya/formulir-p3k/node_modules/vite/dist/node/chunks/node.js:33147:71
    at onwarn (file:///D:/projectsaya/formulir-p3k/node_modules/@vitejs/plugin-react/dist/index.js:40:7)
    at file:///D:/projectsaya/formulir-p3k/node_modules/vite/dist/node/chunks/node.js:33147:28
    at onRollupLog (file:///D:/projectsaya/formulir-p3k/node_modules/vite/dist/node/chunks/node.js:33142:63)
    at onLog (file:///D:/projectsaya/formulir-p3k/node_modules/vite/dist/node/chunks/node.js:32911:4)
    at file:///D:/projectsaya/formulir-p3k/node_modules/rolldown/dist/shared/rolldown-build-DSxL8qiP.mjs:50:26
    at logger (file:///D:/projectsaya/formulir-p3k/node_modules/rolldown/dist/shared/rolldown-build-DSxL8qiP.mjs:41:3)
    at onLog (file:///D:/projectsaya/formulir-p3k/node_modules/rolldown/dist/shared/bindingify-input-options-DbbBhzky.m
js:1991:32)[31m
    at aggregateBindingErrorsIntoJsError (file:///D:/projectsaya/formulir-p3k/node_modules/rolldown/dist/shared/error-D
L-e8-oE.mjs:48:18)
    at unwrapBindingResult (file:///D:/projectsaya/formulir-p3k/node_modules/rolldown/dist/shared/error-DL-e8-oE.mjs:18
:128)
    at #build (file:///D:/projectsaya/formulir-p3k/node_modules/rolldown/dist/shared/rolldown-build-DSxL8qiP.mjs:3317:3
4)
    at async buildEnvironment (file:///D:/projectsaya/formulir-p3k/node_modules/vite/dist/node/chunks/node.js:33018:64)
    at async Object.build (file:///D:/projectsaya/formulir-p3k/node_modules/vite/dist/node/chunks/node.js:33440:19)
    at async Object.buildApp (file:///D:/projectsaya/formulir-p3k/node_modules/vite/dist/node/chunks/node.js:33437:153)
    at async CAC.<anonymous> (file:///D:/projectsaya/formulir-p3k/node_modules/vite/dist/node/cli.js:778:3) {
  errors: [Getter/Setter]
}[39m
